<?xml version="1.0"?>
<link_info>
   <banner>MSP430 Linker PC v16.9.6.LTS</banner>
   <copyright>Copyright (c) 2003-2017 Texas Instruments Incorporated</copyright>
   <link_time>0x5b3b3592</link_time>
   <link_errors>0x0</link_errors>
   <output_file>Tonatos.out</output_file>
   <entry_point>
      <name>_c_int00_noargs_noexit</name>
      <address>0x4e88</address>
   </entry_point>
   <input_file_list>
      <input_file id="fl-2">
         <path>.\APP\</path>
         <kind>object</kind>
         <file>main.obj</file>
         <name>main.obj</name>
      </input_file>
      <input_file id="fl-3">
         <path>.\BSP\</path>
         <kind>object</kind>
         <file>ADC_B_Convert.obj</file>
         <name>ADC_B_Convert.obj</name>
      </input_file>
      <input_file id="fl-4">
         <path>.\BSP\</path>
         <kind>object</kind>
         <file>dma.obj</file>
         <name>dma.obj</name>
      </input_file>
      <input_file id="fl-5">
         <path>.\BSP\</path>
         <kind>object</kind>
         <file>i2c.obj</file>
         <name>i2c.obj</name>
      </input_file>
      <input_file id="fl-6">
         <path>.\BSP\</path>
         <kind>object</kind>
         <file>spi.obj</file>
         <name>spi.obj</name>
      </input_file>
      <input_file id="fl-7">
         <path>.\BSP\</path>
         <kind>object</kind>
         <file>timer_a.obj</file>
         <name>timer_a.obj</name>
      </input_file>
      <input_file id="fl-8">
         <path>.\BSP\driverlib\MSP430FR5xx_6xx\</path>
         <kind>object</kind>
         <file>adc12_b.obj</file>
         <name>adc12_b.obj</name>
      </input_file>
      <input_file id="fl-9">
         <path>.\BSP\driverlib\MSP430FR5xx_6xx\</path>
         <kind>object</kind>
         <file>aes256.obj</file>
         <name>aes256.obj</name>
      </input_file>
      <input_file id="fl-a">
         <path>.\BSP\driverlib\MSP430FR5xx_6xx\</path>
         <kind>object</kind>
         <file>comp_e.obj</file>
         <name>comp_e.obj</name>
      </input_file>
      <input_file id="fl-b">
         <path>.\BSP\driverlib\MSP430FR5xx_6xx\</path>
         <kind>object</kind>
         <file>crc.obj</file>
         <name>crc.obj</name>
      </input_file>
      <input_file id="fl-c">
         <path>.\BSP\driverlib\MSP430FR5xx_6xx\</path>
         <kind>object</kind>
         <file>crc32.obj</file>
         <name>crc32.obj</name>
      </input_file>
      <input_file id="fl-d">
         <path>.\BSP\driverlib\MSP430FR5xx_6xx\</path>
         <kind>object</kind>
         <file>cs.obj</file>
         <name>cs.obj</name>
      </input_file>
      <input_file id="fl-e">
         <path>.\BSP\driverlib\MSP430FR5xx_6xx\</path>
         <kind>object</kind>
         <file>dma.obj</file>
         <name>dma.obj</name>
      </input_file>
      <input_file id="fl-f">
         <path>.\BSP\driverlib\MSP430FR5xx_6xx\</path>
         <kind>object</kind>
         <file>esi.obj</file>
         <name>esi.obj</name>
      </input_file>
      <input_file id="fl-10">
         <path>.\BSP\driverlib\MSP430FR5xx_6xx\</path>
         <kind>object</kind>
         <file>eusci_a_spi.obj</file>
         <name>eusci_a_spi.obj</name>
      </input_file>
      <input_file id="fl-11">
         <path>.\BSP\driverlib\MSP430FR5xx_6xx\</path>
         <kind>object</kind>
         <file>eusci_a_uart.obj</file>
         <name>eusci_a_uart.obj</name>
      </input_file>
      <input_file id="fl-12">
         <path>.\BSP\driverlib\MSP430FR5xx_6xx\</path>
         <kind>object</kind>
         <file>eusci_b_i2c.obj</file>
         <name>eusci_b_i2c.obj</name>
      </input_file>
      <input_file id="fl-13">
         <path>.\BSP\driverlib\MSP430FR5xx_6xx\</path>
         <kind>object</kind>
         <file>eusci_b_spi.obj</file>
         <name>eusci_b_spi.obj</name>
      </input_file>
      <input_file id="fl-14">
         <path>.\BSP\driverlib\MSP430FR5xx_6xx\</path>
         <kind>object</kind>
         <file>framctl.obj</file>
         <name>framctl.obj</name>
      </input_file>
      <input_file id="fl-15">
         <path>.\BSP\driverlib\MSP430FR5xx_6xx\</path>
         <kind>object</kind>
         <file>gpio.obj</file>
         <name>gpio.obj</name>
      </input_file>
      <input_file id="fl-16">
         <path>.\BSP\driverlib\MSP430FR5xx_6xx\</path>
         <kind>object</kind>
         <file>lcd_c.obj</file>
         <name>lcd_c.obj</name>
      </input_file>
      <input_file id="fl-17">
         <path>.\BSP\driverlib\MSP430FR5xx_6xx\</path>
         <kind>object</kind>
         <file>mpu.obj</file>
         <name>mpu.obj</name>
      </input_file>
      <input_file id="fl-18">
         <path>.\BSP\driverlib\MSP430FR5xx_6xx\</path>
         <kind>object</kind>
         <file>mpy32.obj</file>
         <name>mpy32.obj</name>
      </input_file>
      <input_file id="fl-19">
         <path>.\BSP\driverlib\MSP430FR5xx_6xx\</path>
         <kind>object</kind>
         <file>pmm.obj</file>
         <name>pmm.obj</name>
      </input_file>
      <input_file id="fl-1a">
         <path>.\BSP\driverlib\MSP430FR5xx_6xx\</path>
         <kind>object</kind>
         <file>ram.obj</file>
         <name>ram.obj</name>
      </input_file>
      <input_file id="fl-1b">
         <path>.\BSP\driverlib\MSP430FR5xx_6xx\</path>
         <kind>object</kind>
         <file>ref_a.obj</file>
         <name>ref_a.obj</name>
      </input_file>
      <input_file id="fl-1c">
         <path>.\BSP\driverlib\MSP430FR5xx_6xx\</path>
         <kind>object</kind>
         <file>rtc_b.obj</file>
         <name>rtc_b.obj</name>
      </input_file>
      <input_file id="fl-1d">
         <path>.\BSP\driverlib\MSP430FR5xx_6xx\</path>
         <kind>object</kind>
         <file>rtc_c.obj</file>
         <name>rtc_c.obj</name>
      </input_file>
      <input_file id="fl-1e">
         <path>.\BSP\driverlib\MSP430FR5xx_6xx\</path>
         <kind>object</kind>
         <file>sfr.obj</file>
         <name>sfr.obj</name>
      </input_file>
      <input_file id="fl-1f">
         <path>.\BSP\driverlib\MSP430FR5xx_6xx\</path>
         <kind>object</kind>
         <file>sysctl.obj</file>
         <name>sysctl.obj</name>
      </input_file>
      <input_file id="fl-20">
         <path>.\BSP\driverlib\MSP430FR5xx_6xx\</path>
         <kind>object</kind>
         <file>timer_a.obj</file>
         <name>timer_a.obj</name>
      </input_file>
      <input_file id="fl-21">
         <path>.\BSP\driverlib\MSP430FR5xx_6xx\</path>
         <kind>object</kind>
         <file>timer_b.obj</file>
         <name>timer_b.obj</name>
      </input_file>
      <input_file id="fl-22">
         <path>.\BSP\driverlib\MSP430FR5xx_6xx\</path>
         <kind>object</kind>
         <file>tlv.obj</file>
         <name>tlv.obj</name>
      </input_file>
      <input_file id="fl-23">
         <path>.\BSP\driverlib\MSP430FR5xx_6xx\</path>
         <kind>object</kind>
         <file>wdt_a.obj</file>
         <name>wdt_a.obj</name>
      </input_file>
      <input_file id="fl-24">
         <path>.\HAL\</path>
         <kind>object</kind>
         <file>HAL.obj</file>
         <name>HAL.obj</name>
      </input_file>
      <input_file id="fl-25">
         <path>.\HAL\</path>
         <kind>object</kind>
         <file>MAC_radio.obj</file>
         <name>MAC_radio.obj</name>
      </input_file>
      <input_file id="fl-26">
         <path>.\HAL\</path>
         <kind>object</kind>
         <file>RTC.obj</file>
         <name>RTC.obj</name>
      </input_file>
      <input_file id="fl-27">
         <path>.\HAL\</path>
         <kind>object</kind>
         <file>SX1211.obj</file>
         <name>SX1211.obj</name>
      </input_file>
      <input_file id="fl-28">
         <path>.\HAL\</path>
         <kind>object</kind>
         <file>SX1211_Board.obj</file>
         <name>SX1211_Board.obj</name>
      </input_file>
      <input_file id="fl-29">
         <path>.\HAL\</path>
         <kind>object</kind>
         <file>diagnose.obj</file>
         <name>diagnose.obj</name>
      </input_file>
      <input_file id="fl-2a">
         <path>.\HAL\</path>
         <kind>object</kind>
         <file>hal_LCDC_4.obj</file>
         <name>hal_LCDC_4.obj</name>
      </input_file>
      <input_file id="fl-2b">
         <path>.\HAL\</path>
         <kind>object</kind>
         <file>hal_beeper.obj</file>
         <name>hal_beeper.obj</name>
      </input_file>
      <input_file id="fl-2c">
         <path>.\HAL\</path>
         <kind>object</kind>
         <file>hal_button.obj</file>
         <name>hal_button.obj</name>
      </input_file>
      <input_file id="fl-2d">
         <path>.\HAL\</path>
         <kind>object</kind>
         <file>hal_digio.obj</file>
         <name>hal_digio.obj</name>
      </input_file>
      <input_file id="fl-2e">
         <path>.\HAL\</path>
         <kind>object</kind>
         <file>hal_int.obj</file>
         <name>hal_int.obj</name>
      </input_file>
      <input_file id="fl-2f">
         <path>.\HAL\</path>
         <kind>object</kind>
         <file>hal_led.obj</file>
         <name>hal_led.obj</name>
      </input_file>
      <input_file id="fl-30">
         <path>.\HAL\</path>
         <kind>object</kind>
         <file>hal_mcu.obj</file>
         <name>hal_mcu.obj</name>
      </input_file>
      <input_file id="fl-31">
         <path>.\OSAL\ic\</path>
         <kind>object</kind>
         <file>ic.obj</file>
         <name>ic.obj</name>
      </input_file>
      <input_file id="fl-32">
         <path>.\OSAL\</path>
         <kind>object</kind>
         <file>init.obj</file>
         <name>init.obj</name>
      </input_file>
      <input_file id="fl-33">
         <path>.\OSAL\</path>
         <kind>object</kind>
         <file>interrupt.obj</file>
         <name>interrupt.obj</name>
      </input_file>
      <input_file id="fl-34">
         <path>.\OSAL\</path>
         <kind>object</kind>
         <file>printk.obj</file>
         <name>printk.obj</name>
      </input_file>
      <input_file id="fl-35">
         <path>.\OSAL\ipc\</path>
         <kind>object</kind>
         <file>signal.obj</file>
         <name>signal.obj</name>
      </input_file>
      <input_file id="fl-36">
         <path>.\OSAL\mm\</path>
         <kind>object</kind>
         <file>mm.obj</file>
         <name>mm.obj</name>
      </input_file>
      <input_file id="fl-37">
         <path>.\OSAL\mm\</path>
         <kind>object</kind>
         <file>mpu.obj</file>
         <name>mpu.obj</name>
      </input_file>
      <input_file id="fl-38">
         <path>.\OSAL\multitasking\</path>
         <kind>object</kind>
         <file>context.obj</file>
         <name>context.obj</name>
      </input_file>
      <input_file id="fl-39">
         <path>.\OSAL\multitasking\</path>
         <kind>object</kind>
         <file>sched.obj</file>
         <name>sched.obj</name>
      </input_file>
      <input_file id="fl-3a">
         <path>.\OSAL\multitasking\</path>
         <kind>object</kind>
         <file>task.obj</file>
         <name>task.obj</name>
      </input_file>
      <input_file id="fl-3b">
         <path>.\OSAL\multitasking\</path>
         <kind>object</kind>
         <file>timer_int.obj</file>
         <name>timer_int.obj</name>
      </input_file>
      <input_file id="fl-3c">
         <path>.\OSAL\pm\</path>
         <kind>object</kind>
         <file>energy.obj</file>
         <name>energy.obj</name>
      </input_file>
      <input_file id="fl-42">
         <kind>object</kind>
         <file>&lt;internal&gt;</file>
         <name>&lt;internal&gt;</name>
      </input_file>
      <input_file id="fl-5d">
         <path>C:\ti\ccsv7\tools\compiler\ti-cgt-msp430_16.9.6.LTS\lib\</path>
         <kind>archive</kind>
         <file>rts430x_lc_rd_eabi.lib</file>
         <name>copy_decompress_lzss.obj</name>
      </input_file>
      <input_file id="fl-5e">
         <path>C:\ti\ccsv7\tools\compiler\ti-cgt-msp430_16.9.6.LTS\lib\</path>
         <kind>archive</kind>
         <file>rts430x_lc_rd_eabi.lib</file>
         <name>copy_decompress_none.obj</name>
      </input_file>
      <input_file id="fl-5f">
         <path>C:\ti\ccsv7\tools\compiler\ti-cgt-msp430_16.9.6.LTS\lib\</path>
         <kind>archive</kind>
         <file>rts430x_lc_rd_eabi.lib</file>
         <name>int27.obj</name>
      </input_file>
      <input_file id="fl-60">
         <path>C:\ti\ccsv7\tools\compiler\ti-cgt-msp430_16.9.6.LTS\lib\</path>
         <kind>archive</kind>
         <file>rts430x_lc_rd_eabi.lib</file>
         <name>isr_trap.obj</name>
      </input_file>
      <input_file id="fl-61">
         <path>C:\ti\ccsv7\tools\compiler\ti-cgt-msp430_16.9.6.LTS\lib\</path>
         <kind>archive</kind>
         <file>rts430x_lc_rd_eabi.lib</file>
         <name>int28.obj</name>
      </input_file>
      <input_file id="fl-62">
         <path>C:\ti\ccsv7\tools\compiler\ti-cgt-msp430_16.9.6.LTS\lib\</path>
         <kind>archive</kind>
         <file>rts430x_lc_rd_eabi.lib</file>
         <name>int29.obj</name>
      </input_file>
      <input_file id="fl-63">
         <path>C:\ti\ccsv7\tools\compiler\ti-cgt-msp430_16.9.6.LTS\lib\</path>
         <kind>archive</kind>
         <file>rts430x_lc_rd_eabi.lib</file>
         <name>int33.obj</name>
      </input_file>
      <input_file id="fl-64">
         <path>C:\ti\ccsv7\tools\compiler\ti-cgt-msp430_16.9.6.LTS\lib\</path>
         <kind>archive</kind>
         <file>rts430x_lc_rd_eabi.lib</file>
         <name>int36.obj</name>
      </input_file>
      <input_file id="fl-65">
         <path>C:\ti\ccsv7\tools\compiler\ti-cgt-msp430_16.9.6.LTS\lib\</path>
         <kind>archive</kind>
         <file>rts430x_lc_rd_eabi.lib</file>
         <name>int38.obj</name>
      </input_file>
      <input_file id="fl-66">
         <path>C:\ti\ccsv7\tools\compiler\ti-cgt-msp430_16.9.6.LTS\lib\</path>
         <kind>archive</kind>
         <file>rts430x_lc_rd_eabi.lib</file>
         <name>int39.obj</name>
      </input_file>
      <input_file id="fl-67">
         <path>C:\ti\ccsv7\tools\compiler\ti-cgt-msp430_16.9.6.LTS\lib\</path>
         <kind>archive</kind>
         <file>rts430x_lc_rd_eabi.lib</file>
         <name>int41.obj</name>
      </input_file>
      <input_file id="fl-68">
         <path>C:\ti\ccsv7\tools\compiler\ti-cgt-msp430_16.9.6.LTS\lib\</path>
         <kind>archive</kind>
         <file>rts430x_lc_rd_eabi.lib</file>
         <name>int42.obj</name>
      </input_file>
      <input_file id="fl-69">
         <path>C:\ti\ccsv7\tools\compiler\ti-cgt-msp430_16.9.6.LTS\lib\</path>
         <kind>archive</kind>
         <file>rts430x_lc_rd_eabi.lib</file>
         <name>int43.obj</name>
      </input_file>
      <input_file id="fl-6a">
         <path>C:\ti\ccsv7\tools\compiler\ti-cgt-msp430_16.9.6.LTS\lib\</path>
         <kind>archive</kind>
         <file>rts430x_lc_rd_eabi.lib</file>
         <name>int46.obj</name>
      </input_file>
      <input_file id="fl-6b">
         <path>C:\ti\ccsv7\tools\compiler\ti-cgt-msp430_16.9.6.LTS\lib\</path>
         <kind>archive</kind>
         <file>rts430x_lc_rd_eabi.lib</file>
         <name>int49.obj</name>
      </input_file>
      <input_file id="fl-6c">
         <path>C:\ti\ccsv7\tools\compiler\ti-cgt-msp430_16.9.6.LTS\lib\</path>
         <kind>archive</kind>
         <file>rts430x_lc_rd_eabi.lib</file>
         <name>int50.obj</name>
      </input_file>
      <input_file id="fl-6d">
         <path>C:\ti\ccsv7\tools\compiler\ti-cgt-msp430_16.9.6.LTS\lib\</path>
         <kind>archive</kind>
         <file>rts430x_lc_rd_eabi.lib</file>
         <name>int51.obj</name>
      </input_file>
      <input_file id="fl-6e">
         <path>C:\ti\ccsv7\tools\compiler\ti-cgt-msp430_16.9.6.LTS\lib\</path>
         <kind>archive</kind>
         <file>rts430x_lc_rd_eabi.lib</file>
         <name>int52.obj</name>
      </input_file>
      <input_file id="fl-6f">
         <path>C:\ti\ccsv7\tools\compiler\ti-cgt-msp430_16.9.6.LTS\lib\</path>
         <kind>archive</kind>
         <file>rts430x_lc_rd_eabi.lib</file>
         <name>int53.obj</name>
      </input_file>
      <input_file id="fl-70">
         <path>C:\ti\ccsv7\tools\compiler\ti-cgt-msp430_16.9.6.LTS\lib\</path>
         <kind>archive</kind>
         <file>rts430x_lc_rd_eabi.lib</file>
         <name>int54.obj</name>
      </input_file>
      <input_file id="fl-71">
         <path>C:\ti\ccsv7\tools\compiler\ti-cgt-msp430_16.9.6.LTS\lib\</path>
         <kind>archive</kind>
         <file>rts430x_lc_rd_eabi.lib</file>
         <name>copy_zero_init.obj</name>
      </input_file>
      <input_file id="fl-72">
         <path>C:\ti\ccsv7\tools\compiler\ti-cgt-msp430_16.9.6.LTS\lib\</path>
         <kind>archive</kind>
         <file>rts430x_lc_rd_eabi.lib</file>
         <name>addd.obj</name>
      </input_file>
      <input_file id="fl-73">
         <path>C:\ti\ccsv7\tools\compiler\ti-cgt-msp430_16.9.6.LTS\lib\</path>
         <kind>archive</kind>
         <file>rts430x_lc_rd_eabi.lib</file>
         <name>frcaddd.obj</name>
      </input_file>
      <input_file id="fl-74">
         <path>C:\ti\ccsv7\tools\compiler\ti-cgt-msp430_16.9.6.LTS\lib\</path>
         <kind>archive</kind>
         <file>rts430x_lc_rd_eabi.lib</file>
         <name>renormd.obj</name>
      </input_file>
      <input_file id="fl-75">
         <path>C:\ti\ccsv7\tools\compiler\ti-cgt-msp430_16.9.6.LTS\lib\</path>
         <kind>archive</kind>
         <file>rts430x_lc_rd_eabi.lib</file>
         <name>div16s.obj</name>
      </input_file>
      <input_file id="fl-76">
         <path>C:\ti\ccsv7\tools\compiler\ti-cgt-msp430_16.9.6.LTS\lib\</path>
         <kind>archive</kind>
         <file>rts430x_lc_rd_eabi.lib</file>
         <name>div32s.obj</name>
      </input_file>
      <input_file id="fl-77">
         <path>C:\ti\ccsv7\tools\compiler\ti-cgt-msp430_16.9.6.LTS\lib\</path>
         <kind>archive</kind>
         <file>rts430x_lc_rd_eabi.lib</file>
         <name>div16u.obj</name>
      </input_file>
      <input_file id="fl-78">
         <path>C:\ti\ccsv7\tools\compiler\ti-cgt-msp430_16.9.6.LTS\lib\</path>
         <kind>archive</kind>
         <file>rts430x_lc_rd_eabi.lib</file>
         <name>div32u.obj</name>
      </input_file>
      <input_file id="fl-79">
         <path>C:\ti\ccsv7\tools\compiler\ti-cgt-msp430_16.9.6.LTS\lib\</path>
         <kind>archive</kind>
         <file>rts430x_lc_rd_eabi.lib</file>
         <name>fixdu.obj</name>
      </input_file>
      <input_file id="fl-7a">
         <path>C:\ti\ccsv7\tools\compiler\ti-cgt-msp430_16.9.6.LTS\lib\</path>
         <kind>archive</kind>
         <file>rts430x_lc_rd_eabi.lib</file>
         <name>fixdul.obj</name>
      </input_file>
      <input_file id="fl-7b">
         <path>C:\ti\ccsv7\tools\compiler\ti-cgt-msp430_16.9.6.LTS\lib\</path>
         <kind>archive</kind>
         <file>rts430x_lc_rd_eabi.lib</file>
         <name>fltud.obj</name>
      </input_file>
      <input_file id="fl-7c">
         <path>C:\ti\ccsv7\tools\compiler\ti-cgt-msp430_16.9.6.LTS\lib\</path>
         <kind>archive</kind>
         <file>rts430x_lc_rd_eabi.lib</file>
         <name>fltuld.obj</name>
      </input_file>
      <input_file id="fl-7d">
         <path>C:\ti\ccsv7\tools\compiler\ti-cgt-msp430_16.9.6.LTS\lib\</path>
         <kind>archive</kind>
         <file>rts430x_lc_rd_eabi.lib</file>
         <name>mult16.obj</name>
      </input_file>
      <input_file id="fl-7e">
         <path>C:\ti\ccsv7\tools\compiler\ti-cgt-msp430_16.9.6.LTS\lib\</path>
         <kind>archive</kind>
         <file>rts430x_lc_rd_eabi.lib</file>
         <name>mult16_f5hw.obj</name>
      </input_file>
      <input_file id="fl-7f">
         <path>C:\ti\ccsv7\tools\compiler\ti-cgt-msp430_16.9.6.LTS\lib\</path>
         <kind>archive</kind>
         <file>rts430x_lc_rd_eabi.lib</file>
         <name>mult32.obj</name>
      </input_file>
      <input_file id="fl-80">
         <path>C:\ti\ccsv7\tools\compiler\ti-cgt-msp430_16.9.6.LTS\lib\</path>
         <kind>archive</kind>
         <file>rts430x_lc_rd_eabi.lib</file>
         <name>mult32_f5hw.obj</name>
      </input_file>
      <input_file id="fl-81">
         <path>C:\ti\ccsv7\tools\compiler\ti-cgt-msp430_16.9.6.LTS\lib\</path>
         <kind>archive</kind>
         <file>rts430x_lc_rd_eabi.lib</file>
         <name>mult64_f5hw.obj</name>
      </input_file>
      <input_file id="fl-82">
         <path>C:\ti\ccsv7\tools\compiler\ti-cgt-msp430_16.9.6.LTS\lib\</path>
         <kind>archive</kind>
         <file>rts430x_lc_rd_eabi.lib</file>
         <name>mult1632_f5hw.obj</name>
      </input_file>
      <input_file id="fl-83">
         <path>C:\ti\ccsv7\tools\compiler\ti-cgt-msp430_16.9.6.LTS\lib\</path>
         <kind>archive</kind>
         <file>rts430x_lc_rd_eabi.lib</file>
         <name>mult3264_f5hw.obj</name>
      </input_file>
      <input_file id="fl-84">
         <path>C:\ti\ccsv7\tools\compiler\ti-cgt-msp430_16.9.6.LTS\lib\</path>
         <kind>archive</kind>
         <file>rts430x_lc_rd_eabi.lib</file>
         <name>lsl16.obj</name>
      </input_file>
      <input_file id="fl-85">
         <path>C:\ti\ccsv7\tools\compiler\ti-cgt-msp430_16.9.6.LTS\lib\</path>
         <kind>archive</kind>
         <file>rts430x_lc_rd_eabi.lib</file>
         <name>lsl32.obj</name>
      </input_file>
      <input_file id="fl-86">
         <path>C:\ti\ccsv7\tools\compiler\ti-cgt-msp430_16.9.6.LTS\lib\</path>
         <kind>archive</kind>
         <file>rts430x_lc_rd_eabi.lib</file>
         <name>asr16.obj</name>
      </input_file>
      <input_file id="fl-87">
         <path>C:\ti\ccsv7\tools\compiler\ti-cgt-msp430_16.9.6.LTS\lib\</path>
         <kind>archive</kind>
         <file>rts430x_lc_rd_eabi.lib</file>
         <name>asr32.obj</name>
      </input_file>
      <input_file id="fl-88">
         <path>C:\ti\ccsv7\tools\compiler\ti-cgt-msp430_16.9.6.LTS\lib\</path>
         <kind>archive</kind>
         <file>rts430x_lc_rd_eabi.lib</file>
         <name>lsr16.obj</name>
      </input_file>
      <input_file id="fl-89">
         <path>C:\ti\ccsv7\tools\compiler\ti-cgt-msp430_16.9.6.LTS\lib\</path>
         <kind>archive</kind>
         <file>rts430x_lc_rd_eabi.lib</file>
         <name>lsr32.obj</name>
      </input_file>
      <input_file id="fl-8a">
         <path>C:\ti\ccsv7\tools\compiler\ti-cgt-msp430_16.9.6.LTS\lib\</path>
         <kind>archive</kind>
         <file>rts430x_lc_rd_eabi.lib</file>
         <name>lsr64.obj</name>
      </input_file>
      <input_file id="fl-8b">
         <path>C:\ti\ccsv7\tools\compiler\ti-cgt-msp430_16.9.6.LTS\lib\</path>
         <kind>archive</kind>
         <file>rts430x_lc_rd_eabi.lib</file>
         <name>boot.obj</name>
      </input_file>
      <input_file id="fl-8c">
         <path>C:\ti\ccsv7\tools\compiler\ti-cgt-msp430_16.9.6.LTS\lib\</path>
         <kind>archive</kind>
         <file>rts430x_lc_rd_eabi.lib</file>
         <name>args_main.obj</name>
      </input_file>
      <input_file id="fl-8d">
         <path>C:\ti\ccsv7\tools\compiler\ti-cgt-msp430_16.9.6.LTS\lib\</path>
         <kind>archive</kind>
         <file>rts430x_lc_rd_eabi.lib</file>
         <name>autoinit_wdt.obj</name>
      </input_file>
      <input_file id="fl-8e">
         <path>C:\ti\ccsv7\tools\compiler\ti-cgt-msp430_16.9.6.LTS\lib\</path>
         <kind>archive</kind>
         <file>rts430x_lc_rd_eabi.lib</file>
         <name>boot_special.obj</name>
      </input_file>
      <input_file id="fl-8f">
         <path>C:\ti\ccsv7\tools\compiler\ti-cgt-msp430_16.9.6.LTS\lib\</path>
         <kind>archive</kind>
         <file>rts430x_lc_rd_eabi.lib</file>
         <name>mpu_init.obj</name>
      </input_file>
      <input_file id="fl-90">
         <path>C:\ti\ccsv7\tools\compiler\ti-cgt-msp430_16.9.6.LTS\lib\</path>
         <kind>archive</kind>
         <file>rts430x_lc_rd_eabi.lib</file>
         <name>startup.obj</name>
      </input_file>
      <input_file id="fl-91">
         <path>C:\ti\ccsv7\tools\compiler\ti-cgt-msp430_16.9.6.LTS\lib\</path>
         <kind>archive</kind>
         <file>rts430x_lc_rd_eabi.lib</file>
         <name>pre_init.obj</name>
      </input_file>
      <input_file id="fl-92">
         <path>C:\ti\ccsv7\tools\compiler\ti-cgt-msp430_16.9.6.LTS\lib\</path>
         <kind>archive</kind>
         <file>rts430x_lc_rd_eabi.lib</file>
         <name>exit.obj</name>
      </input_file>
      <input_file id="fl-93">
         <path>C:\ti\ccsv7\tools\compiler\ti-cgt-msp430_16.9.6.LTS\lib\</path>
         <kind>archive</kind>
         <file>rts430x_lc_rd_eabi.lib</file>
         <name>exit_gvars.obj</name>
      </input_file>
      <input_file id="fl-94">
         <path>C:\ti\ccsv7\tools\compiler\ti-cgt-msp430_16.9.6.LTS\lib\</path>
         <kind>archive</kind>
         <file>rts430x_lc_rd_eabi.lib</file>
         <name>_lock.obj</name>
      </input_file>
      <input_file id="fl-95">
         <path>C:\ti\ccsv7\tools\compiler\ti-cgt-msp430_16.9.6.LTS\lib\</path>
         <kind>archive</kind>
         <file>rts430x_lc_rd_eabi.lib</file>
         <name>cpy_tbl.obj</name>
      </input_file>
      <input_file id="fl-96">
         <path>C:\ti\ccsv7\tools\compiler\ti-cgt-msp430_16.9.6.LTS\lib\</path>
         <kind>archive</kind>
         <file>rts430x_lc_rd_eabi.lib</file>
         <name>memcpy.obj</name>
      </input_file>
   </input_file_list>
   <object_component_list>
      <object_component id="oc-b80">
         <name>.cinit..data.load</name>
         <load_address>0x5082</load_address>
         <run_address>0x5082</run_address>
         <size>0x5b</size>
      </object_component>
      <object_component id="oc-b7d">
         <name>__TI_handler_table</name>
         <load_address>0x50de</load_address>
         <run_address>0x50de</run_address>
         <size>0xc</size>
      </object_component>
      <object_component id="oc-b7f">
         <name>.cinit..bss.load</name>
         <load_address>0x50ea</load_address>
         <run_address>0x50ea</run_address>
         <size>0x6</size>
      </object_component>
      <object_component id="oc-b7e">
         <name>__TI_cinit_table</name>
         <load_address>0x50f0</load_address>
         <run_address>0x50f0</run_address>
         <size>0x10</size>
      </object_component>
      <object_component id="oc-b15">
         <name>.binit</name>
         <load_address>0x4400</load_address>
         <run_address>0x4400</run_address>
         <size>0x0</size>
      </object_component>
      <object_component id="oc-7b8">
         <name>.const:.string</name>
         <load_address>0x4fb0</load_address>
         <run_address>0x4fb0</run_address>
         <size>0x44</size>
         <input_file_ref idref="fl-2"/>
      </object_component>
      <object_component id="oc-715">
         <name>.const:.string</name>
         <load_address>0x4ff4</load_address>
         <run_address>0x4ff4</run_address>
         <size>0x2e</size>
         <input_file_ref idref="fl-24"/>
      </object_component>
      <object_component id="oc-955">
         <name>.const:$P$T0$1</name>
         <load_address>0x5022</load_address>
         <run_address>0x5022</run_address>
         <size>0x12</size>
         <input_file_ref idref="fl-6"/>
      </object_component>
      <object_component id="oc-94a">
         <name>.const:.string:char_gen</name>
         <load_address>0x5034</load_address>
         <run_address>0x5034</run_address>
         <size>0x10</size>
         <input_file_ref idref="fl-2a"/>
      </object_component>
      <object_component id="oc-a17">
         <name>.const:$P$T0$1</name>
         <load_address>0x5044</load_address>
         <run_address>0x5044</run_address>
         <size>0xc</size>
         <input_file_ref idref="fl-5"/>
      </object_component>
      <object_component id="oc-965">
         <name>.const:$P$T0$1</name>
         <load_address>0x5050</load_address>
         <run_address>0x5050</run_address>
         <size>0xa</size>
         <input_file_ref idref="fl-4"/>
      </object_component>
      <object_component id="oc-9f0">
         <name>.const:$P$T1$2</name>
         <load_address>0x505a</load_address>
         <run_address>0x505a</run_address>
         <size>0xa</size>
         <input_file_ref idref="fl-3"/>
      </object_component>
      <object_component id="oc-748">
         <name>.const:$P$T0$1</name>
         <load_address>0x5064</load_address>
         <run_address>0x5064</run_address>
         <size>0x5</size>
         <input_file_ref idref="fl-24"/>
      </object_component>
      <object_component id="oc-8e6">
         <name>.const:$P$T1$2</name>
         <load_address>0x5069</load_address>
         <run_address>0x5069</run_address>
         <size>0x5</size>
         <input_file_ref idref="fl-24"/>
      </object_component>
      <object_component id="oc-6d6">
         <name>.const:Pwr_Off_Alert</name>
         <load_address>0x506e</load_address>
         <run_address>0x506e</run_address>
         <size>0x5</size>
         <input_file_ref idref="fl-24"/>
      </object_component>
      <object_component id="oc-9c3">
         <name>.const:pinRadio_IRQ0</name>
         <load_address>0x5073</load_address>
         <run_address>0x5073</run_address>
         <size>0x5</size>
         <input_file_ref idref="fl-28"/>
      </object_component>
      <object_component id="oc-9cc">
         <name>.const:pinRadio_IRQ1</name>
         <load_address>0x5078</load_address>
         <run_address>0x5078</run_address>
         <size>0x5</size>
         <input_file_ref idref="fl-28"/>
      </object_component>
      <object_component id="oc-845">
         <name>.const:pin_button1</name>
         <load_address>0x507d</load_address>
         <run_address>0x507d</run_address>
         <size>0x5</size>
         <input_file_ref idref="fl-2c"/>
      </object_component>
      <object_component id="oc-562">
         <name>.text:_isr:SX1211_ISR</name>
         <load_address>0x4c08</load_address>
         <run_address>0x4c08</run_address>
         <size>0x8c</size>
         <input_file_ref idref="fl-28"/>
      </object_component>
      <object_component id="oc-557">
         <name>.text:_isr</name>
         <load_address>0x4c94</load_address>
         <run_address>0x4c94</run_address>
         <size>0x4c</size>
         <input_file_ref idref="fl-3b"/>
      </object_component>
      <object_component id="oc-551">
         <name>.text:_isr:DMA_ISR</name>
         <load_address>0x4ce0</load_address>
         <run_address>0x4ce0</run_address>
         <size>0x44</size>
         <input_file_ref idref="fl-4"/>
      </object_component>
      <object_component id="oc-54b">
         <name>.text:_isr:port1_ISR</name>
         <load_address>0x4d24</load_address>
         <run_address>0x4d24</run_address>
         <size>0x44</size>
         <input_file_ref idref="fl-2d"/>
      </object_component>
      <object_component id="oc-53f">
         <name>.text:_isr:port2_ISR</name>
         <load_address>0x4d68</load_address>
         <run_address>0x4d68</run_address>
         <size>0x44</size>
         <input_file_ref idref="fl-2d"/>
      </object_component>
      <object_component id="oc-533">
         <name>.text:_isr:port3_ISR</name>
         <load_address>0x4dac</load_address>
         <run_address>0x4dac</run_address>
         <size>0x44</size>
         <input_file_ref idref="fl-2d"/>
      </object_component>
      <object_component id="oc-52d">
         <name>.text:_isr:port4_ISR</name>
         <load_address>0x4df0</load_address>
         <run_address>0x4df0</run_address>
         <size>0x44</size>
         <input_file_ref idref="fl-2d"/>
      </object_component>
      <object_component id="oc-539">
         <name>.text:_isr:Timer_A3</name>
         <load_address>0x4e34</load_address>
         <run_address>0x4e34</run_address>
         <size>0x3a</size>
         <input_file_ref idref="fl-24"/>
      </object_component>
      <object_component id="oc-55c">
         <name>.text:_isr:ADC12_ISR</name>
         <load_address>0x4e6e</load_address>
         <run_address>0x4e6e</run_address>
         <size>0x1a</size>
         <input_file_ref idref="fl-3"/>
      </object_component>
      <object_component id="oc-be">
         <name>.text:_isr:_c_int00_noargs_noexit</name>
         <load_address>0x4e88</load_address>
         <run_address>0x4e88</run_address>
         <size>0x1a</size>
         <input_file_ref idref="fl-8e"/>
      </object_component>
      <object_component id="oc-545">
         <name>.text:_isr:TA2_time_up</name>
         <load_address>0x4ea2</load_address>
         <run_address>0x4ea2</run_address>
         <size>0xe</size>
         <input_file_ref idref="fl-27"/>
      </object_component>
      <object_component id="oc-528">
         <name>.text:_isr:__TI_ISR_TRAP</name>
         <load_address>0x4eb0</load_address>
         <run_address>0x4eb0</run_address>
         <size>0x8</size>
         <input_file_ref idref="fl-60"/>
      </object_component>
      <object_component id="oc-751">
         <name>.text:rtc_preset</name>
         <load_address>0x10000</load_address>
         <run_address>0x10000</run_address>
         <size>0x394</size>
         <input_file_ref idref="fl-26"/>
      </object_component>
      <object_component id="oc-928">
         <name>.text:__mspabi_addd</name>
         <load_address>0x10394</load_address>
         <run_address>0x10394</run_address>
         <size>0x2d8</size>
         <input_file_ref idref="fl-72"/>
      </object_component>
      <object_component id="oc-a51">
         <name>.text:__TI_frcaddd</name>
         <load_address>0x1066c</load_address>
         <run_address>0x1066c</run_address>
         <size>0x252</size>
         <input_file_ref idref="fl-73"/>
      </object_component>
      <object_component id="oc-63d">
         <name>.text:hal_init</name>
         <load_address>0x108be</load_address>
         <run_address>0x108be</run_address>
         <size>0x244</size>
         <input_file_ref idref="fl-24"/>
      </object_component>
      <object_component id="oc-655">
         <name>.text:task1</name>
         <load_address>0x10b02</load_address>
         <run_address>0x10b02</run_address>
         <size>0x238</size>
         <input_file_ref idref="fl-2"/>
      </object_component>
      <object_component id="oc-793">
         <name>.text:Energy_Current_Sense</name>
         <load_address>0x10d3a</load_address>
         <run_address>0x10d3a</run_address>
         <size>0x216</size>
         <input_file_ref idref="fl-3c"/>
      </object_component>
      <object_component id="oc-717">
         <name>.text:diagnose</name>
         <load_address>0x10f50</load_address>
         <run_address>0x10f50</run_address>
         <size>0x1a4</size>
         <input_file_ref idref="fl-29"/>
      </object_component>
      <object_component id="oc-7a1">
         <name>.text:LCD_print_num</name>
         <load_address>0x110f4</load_address>
         <run_address>0x110f4</run_address>
         <size>0x152</size>
         <input_file_ref idref="fl-2a"/>
      </object_component>
      <object_component id="oc-838">
         <name>.text:initiate_SX1211</name>
         <load_address>0x11246</load_address>
         <run_address>0x11246</run_address>
         <size>0x138</size>
         <input_file_ref idref="fl-27"/>
      </object_component>
      <object_component id="oc-6d9">
         <name>.text:halDigioConfig</name>
         <load_address>0x1137e</load_address>
         <run_address>0x1137e</run_address>
         <size>0x130</size>
         <input_file_ref idref="fl-2d"/>
      </object_component>
      <object_component id="oc-74b">
         <name>.text:rtc_valid_check</name>
         <load_address>0x114ae</load_address>
         <run_address>0x114ae</run_address>
         <size>0x130</size>
         <input_file_ref idref="fl-26"/>
      </object_component>
      <object_component id="oc-9ae">
         <name>.text:SX1211_SPI_Setup</name>
         <load_address>0x115de</load_address>
         <run_address>0x115de</run_address>
         <size>0x122</size>
         <input_file_ref idref="fl-28"/>
      </object_component>
      <object_component id="oc-78d">
         <name>.text:Energy_Volt_Sense</name>
         <load_address>0x11700</load_address>
         <run_address>0x11700</run_address>
         <size>0x114</size>
         <input_file_ref idref="fl-3c"/>
      </object_component>
      <object_component id="oc-709">
         <name>.text:init_diag</name>
         <load_address>0x11814</load_address>
         <run_address>0x11814</run_address>
         <size>0x10a</size>
         <input_file_ref idref="fl-29"/>
      </object_component>
      <object_component id="oc-64f">
         <name>.text:task_create</name>
         <load_address>0x1191e</load_address>
         <run_address>0x1191e</run_address>
         <size>0xf4</size>
         <input_file_ref idref="fl-3a"/>
      </object_component>
      <object_component id="oc-72f">
         <name>.text:Energy_Current_init</name>
         <load_address>0x11a12</load_address>
         <run_address>0x11a12</run_address>
         <size>0xea</size>
         <input_file_ref idref="fl-3c"/>
      </object_component>
      <object_component id="oc-865">
         <name>.text:Current_Amp_EN</name>
         <load_address>0x11afc</load_address>
         <run_address>0x11afc</run_address>
         <size>0xd0</size>
         <input_file_ref idref="fl-3c"/>
      </object_component>
      <object_component id="oc-a06">
         <name>.text:privateTimerAProcessClockSourceDivider</name>
         <load_address>0x11bcc</load_address>
         <run_address>0x11bcc</run_address>
         <size>0xd0</size>
         <input_file_ref idref="fl-7"/>
      </object_component>
      <object_component id="oc-703">
         <name>.text:Set_Freq</name>
         <load_address>0x11c9c</load_address>
         <run_address>0x11c9c</run_address>
         <size>0xc0</size>
         <input_file_ref idref="fl-24"/>
      </object_component>
      <object_component id="oc-8ef">
         <name>.text:rtc_sync_dis</name>
         <load_address>0x11d5c</load_address>
         <run_address>0x11d5c</run_address>
         <size>0xbe</size>
         <input_file_ref idref="fl-26"/>
      </object_component>
      <object_component id="oc-757">
         <name>.text:rtc_sync_en</name>
         <load_address>0x11e1a</load_address>
         <run_address>0x11e1a</run_address>
         <size>0xbe</size>
         <input_file_ref idref="fl-26"/>
      </object_component>
      <object_component id="oc-73b">
         <name>.text:Charge_pump_EN</name>
         <load_address>0x11ed8</load_address>
         <run_address>0x11ed8</run_address>
         <size>0xb8</size>
         <input_file_ref idref="fl-24"/>
      </object_component>
      <object_component id="oc-adb">
         <name>.text:__TI_renormd</name>
         <load_address>0x11f90</load_address>
         <run_address>0x11f90</run_address>
         <size>0xb2</size>
         <input_file_ref idref="fl-74"/>
      </object_component>
      <object_component id="oc-aab">
         <name>.text:SX1211_RX_Bytes</name>
         <load_address>0x12042</load_address>
         <run_address>0x12042</run_address>
         <size>0xae</size>
         <input_file_ref idref="fl-27"/>
      </object_component>
      <object_component id="oc-9bd">
         <name>.text:SX1211_Send_CFG_DMA</name>
         <load_address>0x120f0</load_address>
         <run_address>0x120f0</run_address>
         <size>0xa0</size>
         <input_file_ref idref="fl-28"/>
      </object_component>
      <object_component id="oc-9b7">
         <name>.text:SX1211_Read_CFG_SPI</name>
         <load_address>0x12190</load_address>
         <run_address>0x12190</run_address>
         <size>0x9c</size>
         <input_file_ref idref="fl-28"/>
      </object_component>
      <object_component id="oc-af8">
         <name>.text:SX1211_Read_Bytes_SPI</name>
         <load_address>0x1222c</load_address>
         <run_address>0x1222c</run_address>
         <size>0x96</size>
         <input_file_ref idref="fl-28"/>
      </object_component>
      <object_component id="oc-729">
         <name>.text:Energy_Volt_init</name>
         <load_address>0x122c2</load_address>
         <run_address>0x122c2</run_address>
         <size>0x92</size>
         <input_file_ref idref="fl-3c"/>
      </object_component>
      <object_component id="oc-764">
         <name>.text:task_init</name>
         <load_address>0x12354</load_address>
         <run_address>0x12354</run_address>
         <size>0x92</size>
         <input_file_ref idref="fl-3a"/>
      </object_component>
      <object_component id="oc-995">
         <name>.text:DMA2_diag_isr</name>
         <load_address>0x123e6</load_address>
         <run_address>0x123e6</run_address>
         <size>0x90</size>
         <input_file_ref idref="fl-29"/>
      </object_component>
      <object_component id="oc-82b">
         <name>.text:diag_sendout</name>
         <load_address>0x12476</load_address>
         <run_address>0x12476</run_address>
         <size>0x8e</size>
         <input_file_ref idref="fl-29"/>
      </object_component>
      <object_component id="oc-5ce">
         <name>.text:rtc_run</name>
         <load_address>0x12504</load_address>
         <run_address>0x12504</run_address>
         <size>0x8e</size>
         <input_file_ref idref="fl-26"/>
      </object_component>
      <object_component id="oc-741">
         <name>.text:LCD_on</name>
         <load_address>0x12592</load_address>
         <run_address>0x12592</run_address>
         <size>0x8c</size>
         <input_file_ref idref="fl-2a"/>
      </object_component>
      <object_component id="oc-6df">
         <name>.text:halDigioIntSetEdge</name>
         <load_address>0x1261e</load_address>
         <run_address>0x1261e</run_address>
         <size>0x8c</size>
         <input_file_ref idref="fl-2d"/>
      </object_component>
      <object_component id="oc-af1">
         <name>.text:SX1211_Send_CFG_SPI</name>
         <load_address>0x126aa</load_address>
         <run_address>0x126aa</run_address>
         <size>0x8a</size>
         <input_file_ref idref="fl-28"/>
      </object_component>
      <object_component id="oc-886">
         <name>.text:RX6110_dummy_read</name>
         <load_address>0x12734</load_address>
         <run_address>0x12734</run_address>
         <size>0x88</size>
         <input_file_ref idref="fl-26"/>
      </object_component>
      <object_component id="oc-968">
         <name>.text:DMA_init</name>
         <load_address>0x127bc</load_address>
         <run_address>0x127bc</run_address>
         <size>0x82</size>
         <input_file_ref idref="fl-e"/>
      </object_component>
      <object_component id="oc-575">
         <name>.text:_auto_init_hold_wdt</name>
         <load_address>0x1283e</load_address>
         <run_address>0x1283e</run_address>
         <size>0x82</size>
         <input_file_ref idref="fl-8d"/>
      </object_component>
      <object_component id="oc-a4a">
         <name>.text:__mspabi_fltuld</name>
         <load_address>0x128c0</load_address>
         <run_address>0x128c0</run_address>
         <size>0x80</size>
         <input_file_ref idref="fl-7c"/>
      </object_component>
      <object_component id="oc-803">
         <name>.text:EUSCI_A_SPI_masterInit</name>
         <load_address>0x12940</load_address>
         <run_address>0x12940</run_address>
         <size>0x76</size>
         <input_file_ref idref="fl-6"/>
      </object_component>
      <object_component id="oc-79">
         <name>.text:decompress:lzss:__TI_decompress_lzss</name>
         <load_address>0x129b6</load_address>
         <run_address>0x129b6</run_address>
         <size>0x76</size>
         <input_file_ref idref="fl-5d"/>
      </object_component>
      <object_component id="oc-aa4">
         <name>.text:SX1211_Operating_Mode</name>
         <load_address>0x12a2c</load_address>
         <run_address>0x12a2c</run_address>
         <size>0x72</size>
         <input_file_ref idref="fl-27"/>
      </object_component>
      <object_component id="oc-6eb">
         <name>.text:halDigioIntConnect</name>
         <load_address>0x12a9e</load_address>
         <run_address>0x12a9e</run_address>
         <size>0x6a</size>
         <input_file_ref idref="fl-2d"/>
      </object_component>
      <object_component id="oc-a5e">
         <name>.text:__mspabi_fixdul</name>
         <load_address>0x12b08</load_address>
         <run_address>0x12b08</run_address>
         <size>0x68</size>
         <input_file_ref idref="fl-7a"/>
      </object_component>
      <object_component id="oc-615">
         <name>.text:copy_in</name>
         <load_address>0x12b70</load_address>
         <run_address>0x12b70</run_address>
         <size>0x64</size>
         <input_file_ref idref="fl-95"/>
      </object_component>
      <object_component id="oc-7ad">
         <name>.text:diag_power</name>
         <load_address>0x12bd4</load_address>
         <run_address>0x12bd4</run_address>
         <size>0x64</size>
         <input_file_ref idref="fl-29"/>
      </object_component>
      <object_component id="oc-7a7">
         <name>.text:LCD_dot</name>
         <load_address>0x12c38</load_address>
         <run_address>0x12c38</run_address>
         <size>0x62</size>
         <input_file_ref idref="fl-2a"/>
      </object_component>
      <object_component id="oc-a1a">
         <name>.text:EUSCI_B_I2C_initMaster</name>
         <load_address>0x12c9a</load_address>
         <run_address>0x12c9a</run_address>
         <size>0x60</size>
         <input_file_ref idref="fl-12"/>
      </object_component>
      <object_component id="oc-958">
         <name>.text:EUSCI_A_SPI_initMaster</name>
         <load_address>0x12cfa</load_address>
         <run_address>0x12cfa</run_address>
         <size>0x5c</size>
         <input_file_ref idref="fl-10"/>
      </object_component>
      <object_component id="oc-895">
         <name>.text:EUSCI_B_I2C_masterInit</name>
         <load_address>0x12d56</load_address>
         <run_address>0x12d56</run_address>
         <size>0x5c</size>
         <input_file_ref idref="fl-5"/>
      </object_component>
      <object_component id="oc-58f">
         <name>.text:main</name>
         <load_address>0x12db2</load_address>
         <run_address>0x12db2</run_address>
         <size>0x5c</size>
         <input_file_ref idref="fl-2"/>
      </object_component>
      <object_component id="oc-9cf">
         <name>.text:IRQ1_isr</name>
         <load_address>0x12e0e</load_address>
         <run_address>0x12e0e</run_address>
         <size>0x58</size>
         <input_file_ref idref="fl-25"/>
      </object_component>
      <object_component id="oc-870">
         <name>.text:TIMER_A_generatePWM</name>
         <load_address>0x12e66</load_address>
         <run_address>0x12e66</run_address>
         <size>0x58</size>
         <input_file_ref idref="fl-7"/>
      </object_component>
      <object_component id="oc-79c">
         <name>.text</name>
         <load_address>0x12ebe</load_address>
         <run_address>0x12ebe</run_address>
         <size>0x58</size>
         <input_file_ref idref="fl-78"/>
      </object_component>
      <object_component id="oc-84f">
         <name>.text:ADC12_B_memoryConfigure</name>
         <load_address>0x12f16</load_address>
         <run_address>0x12f16</run_address>
         <size>0x50</size>
         <input_file_ref idref="fl-3"/>
      </object_component>
      <object_component id="oc-7f6">
         <name>.text:beep</name>
         <load_address>0x12f66</load_address>
         <run_address>0x12f66</run_address>
         <size>0x50</size>
         <input_file_ref idref="fl-2b"/>
      </object_component>
      <object_component id="oc-9f3">
         <name>.text:ADC12_B_configureMemory</name>
         <load_address>0x12fb6</load_address>
         <run_address>0x12fb6</run_address>
         <size>0x4c</size>
         <input_file_ref idref="fl-8"/>
      </object_component>
      <object_component id="oc-80f">
         <name>.text:DMA_initialize</name>
         <load_address>0x13002</load_address>
         <run_address>0x13002</run_address>
         <size>0x4a</size>
         <input_file_ref idref="fl-4"/>
      </object_component>
      <object_component id="oc-7ba">
         <name>.text</name>
         <load_address>0x1304c</load_address>
         <run_address>0x1304c</run_address>
         <size>0x46</size>
         <input_file_ref idref="fl-38"/>
      </object_component>
      <object_component id="oc-6d0">
         <name>.text:rtc_power_on</name>
         <load_address>0x13092</load_address>
         <run_address>0x13092</run_address>
         <size>0x46</size>
         <input_file_ref idref="fl-26"/>
      </object_component>
      <object_component id="oc-5f1">
         <name>.text:task_sched_next</name>
         <load_address>0x130d8</load_address>
         <run_address>0x130d8</run_address>
         <size>0x44</size>
         <input_file_ref idref="fl-39"/>
      </object_component>
      <object_component id="oc-6f1">
         <name>.text:halDigioIntClear</name>
         <load_address>0x1311c</load_address>
         <run_address>0x1311c</run_address>
         <size>0x40</size>
         <input_file_ref idref="fl-2d"/>
      </object_component>
      <object_component id="oc-8e9">
         <name>.text:halDigioIntDisable</name>
         <load_address>0x1315c</load_address>
         <run_address>0x1315c</run_address>
         <size>0x40</size>
         <input_file_ref idref="fl-2d"/>
      </object_component>
      <object_component id="oc-6f7">
         <name>.text:halDigioIntEnable</name>
         <load_address>0x1319c</load_address>
         <run_address>0x1319c</run_address>
         <size>0x40</size>
         <input_file_ref idref="fl-2d"/>
      </object_component>
      <object_component id="oc-a42">
         <name>.text:ADC12_B_startConversion</name>
         <load_address>0x131dc</load_address>
         <run_address>0x131dc</run_address>
         <size>0x3e</size>
         <input_file_ref idref="fl-8"/>
      </object_component>
      <object_component id="oc-ac5">
         <name>.text:l_lsl_const</name>
         <load_address>0x1321a</load_address>
         <run_address>0x1321a</run_address>
         <size>0x3e</size>
         <input_file_ref idref="fl-85"/>
      </object_component>
      <object_component id="oc-77e">
         <name>.text:l_lsr_const</name>
         <load_address>0x13258</load_address>
         <run_address>0x13258</run_address>
         <size>0x3e</size>
         <input_file_ref idref="fl-89"/>
      </object_component>
      <object_component id="oc-93a">
         <name>.text:TIMER_A_initCompare</name>
         <load_address>0x13296</load_address>
         <run_address>0x13296</run_address>
         <size>0x3c</size>
         <input_file_ref idref="fl-7"/>
      </object_component>
      <object_component id="oc-8ff">
         <name>.text:put_back_tcb</name>
         <load_address>0x132d2</load_address>
         <run_address>0x132d2</run_address>
         <size>0x3c</size>
         <input_file_ref idref="fl-3a"/>
      </object_component>
      <object_component id="oc-70f">
         <name>.text:diag_clrscr</name>
         <load_address>0x1330e</load_address>
         <run_address>0x1330e</run_address>
         <size>0x38</size>
         <input_file_ref idref="fl-29"/>
      </object_component>
      <object_component id="oc-71d">
         <name>.text:MAC_Init</name>
         <load_address>0x13346</load_address>
         <run_address>0x13346</run_address>
         <size>0x34</size>
         <input_file_ref idref="fl-25"/>
      </object_component>
      <object_component id="oc-723">
         <name>.text:init_button</name>
         <load_address>0x1337a</load_address>
         <run_address>0x1337a</run_address>
         <size>0x34</size>
         <input_file_ref idref="fl-2c"/>
      </object_component>
      <object_component id="oc-81b">
         <name>.text:DMA_setDstAddress</name>
         <load_address>0x133ae</load_address>
         <run_address>0x133ae</run_address>
         <size>0x30</size>
         <input_file_ref idref="fl-e"/>
      </object_component>
      <object_component id="oc-983">
         <name>.text:DMA_setSrcAddress</name>
         <load_address>0x133de</load_address>
         <run_address>0x133de</run_address>
         <size>0x2e</size>
         <input_file_ref idref="fl-e"/>
      </object_component>
      <object_component id="oc-75d">
         <name>.text:SYNC_isr</name>
         <load_address>0x1340c</load_address>
         <run_address>0x1340c</run_address>
         <size>0x2e</size>
         <input_file_ref idref="fl-24"/>
      </object_component>
      <object_component id="oc-915">
         <name>.text:ADC_convert_sequence</name>
         <load_address>0x1343a</load_address>
         <run_address>0x1343a</run_address>
         <size>0x2c</size>
         <input_file_ref idref="fl-3"/>
      </object_component>
      <object_component id="oc-76c">
         <name>.text:get_available_tcb</name>
         <load_address>0x13466</load_address>
         <run_address>0x13466</run_address>
         <size>0x2c</size>
         <input_file_ref idref="fl-3a"/>
      </object_component>
      <object_component id="oc-787">
         <name>.text</name>
         <load_address>0x13492</load_address>
         <run_address>0x13492</run_address>
         <size>0x2c</size>
         <input_file_ref idref="fl-75"/>
      </object_component>
      <object_component id="oc-85b">
         <name>.text:ADC12_B_enableInterrupt</name>
         <load_address>0x134be</load_address>
         <run_address>0x134be</run_address>
         <size>0x24</size>
         <input_file_ref idref="fl-8"/>
      </object_component>
      <object_component id="oc-a0">
         <name>.text:decompress:ZI:__TI_zero_init</name>
         <load_address>0x134e2</load_address>
         <run_address>0x134e2</run_address>
         <size>0x24</size>
         <input_file_ref idref="fl-71"/>
      </object_component>
      <object_component id="oc-7b3">
         <name>.text</name>
         <load_address>0x13506</load_address>
         <run_address>0x13506</run_address>
         <size>0x24</size>
         <input_file_ref idref="fl-80"/>
      </object_component>
      <object_component id="oc-649">
         <name>.text:idle</name>
         <load_address>0x1352a</load_address>
         <run_address>0x1352a</run_address>
         <size>0x22</size>
         <input_file_ref idref="fl-2"/>
      </object_component>
      <object_component id="oc-6fd">
         <name>.text:led_off</name>
         <load_address>0x1354c</load_address>
         <run_address>0x1354c</run_address>
         <size>0x22</size>
         <input_file_ref idref="fl-2f"/>
      </object_component>
      <object_component id="oc-778">
         <name>.text:task_exit</name>
         <load_address>0x1356e</load_address>
         <run_address>0x1356e</run_address>
         <size>0x22</size>
         <input_file_ref idref="fl-3a"/>
      </object_component>
      <object_component id="oc-a98">
         <name>.text:DMA0_isr</name>
         <load_address>0x13590</load_address>
         <run_address>0x13590</run_address>
         <size>0x20</size>
         <input_file_ref idref="fl-28"/>
      </object_component>
      <object_component id="oc-772">
         <name>.text:mem_alloc_no_release</name>
         <load_address>0x135b0</load_address>
         <run_address>0x135b0</run_address>
         <size>0x1e</size>
         <input_file_ref idref="fl-36"/>
      </object_component>
      <object_component id="oc-99b">
         <name>.text:DMA_installInterrupt</name>
         <load_address>0x135ce</load_address>
         <run_address>0x135ce</run_address>
         <size>0x1a</size>
         <input_file_ref idref="fl-4"/>
      </object_component>
      <object_component id="oc-6a1">
         <name>.text</name>
         <load_address>0x135e8</load_address>
         <run_address>0x135e8</run_address>
         <size>0x18</size>
         <input_file_ref idref="fl-7e"/>
      </object_component>
      <object_component id="oc-735">
         <name>.text:DMA_IN_USE</name>
         <load_address>0x13600</load_address>
         <run_address>0x13600</run_address>
         <size>0x16</size>
         <input_file_ref idref="fl-4"/>
      </object_component>
      <object_component id="oc-909">
         <name>.text</name>
         <load_address>0x13616</load_address>
         <run_address>0x13616</run_address>
         <size>0x16</size>
         <input_file_ref idref="fl-77"/>
      </object_component>
      <object_component id="oc-855">
         <name>.text:ADC12_B_clearInterrupt</name>
         <load_address>0x1362c</load_address>
         <run_address>0x1362c</run_address>
         <size>0x14</size>
         <input_file_ref idref="fl-8"/>
      </object_component>
      <object_component id="oc-51b">
         <name>.text:memcpy</name>
         <load_address>0x13640</load_address>
         <run_address>0x13640</run_address>
         <size>0x14</size>
         <input_file_ref idref="fl-96"/>
      </object_component>
      <object_component id="oc-92e">
         <name>.text:__mspabi_fixdu</name>
         <load_address>0x13654</load_address>
         <run_address>0x13654</run_address>
         <size>0x12</size>
         <input_file_ref idref="fl-79"/>
      </object_component>
      <object_component id="oc-7f">
         <name>.text:decompress:none:__TI_decompress_none</name>
         <load_address>0x13666</load_address>
         <run_address>0x13666</run_address>
         <size>0x12</size>
         <input_file_ref idref="fl-5e"/>
      </object_component>
      <object_component id="oc-7bf">
         <name>.text:schedule</name>
         <load_address>0x13678</load_address>
         <run_address>0x13678</run_address>
         <size>0x12</size>
         <input_file_ref idref="fl-39"/>
      </object_component>
      <object_component id="oc-9a1">
         <name>.text:DMA_enableTransfers</name>
         <load_address>0x1368a</load_address>
         <run_address>0x1368a</run_address>
         <size>0x10</size>
         <input_file_ref idref="fl-e"/>
      </object_component>
      <object_component id="oc-ad6">
         <name>.text:l_asr</name>
         <load_address>0x1369a</load_address>
         <run_address>0x1369a</run_address>
         <size>0x10</size>
         <input_file_ref idref="fl-87"/>
      </object_component>
      <object_component id="oc-acc">
         <name>.text:l_lsl</name>
         <load_address>0x136aa</load_address>
         <run_address>0x136aa</run_address>
         <size>0x10</size>
         <input_file_ref idref="fl-85"/>
      </object_component>
      <object_component id="oc-ad1">
         <name>.text:l_lsr</name>
         <load_address>0x136ba</load_address>
         <run_address>0x136ba</run_address>
         <size>0x10</size>
         <input_file_ref idref="fl-89"/>
      </object_component>
      <object_component id="oc-91b">
         <name>.text:ADC12_B_getResults</name>
         <load_address>0x136ca</load_address>
         <run_address>0x136ca</run_address>
         <size>0xe</size>
         <input_file_ref idref="fl-8"/>
      </object_component>
      <object_component id="oc-98f">
         <name>.text:DMA_clearInterrupt</name>
         <load_address>0x136d8</load_address>
         <run_address>0x136d8</run_address>
         <size>0xe</size>
         <input_file_ref idref="fl-e"/>
      </object_component>
      <object_component id="oc-a84">
         <name>.text:DMA_disableInterrupt</name>
         <load_address>0x136e6</load_address>
         <run_address>0x136e6</run_address>
         <size>0xe</size>
         <input_file_ref idref="fl-e"/>
      </object_component>
      <object_component id="oc-97d">
         <name>.text:EUSCI_A_SPI_clearInterruptFlag</name>
         <load_address>0x136f4</load_address>
         <run_address>0x136f4</run_address>
         <size>0xe</size>
         <input_file_ref idref="fl-6"/>
      </object_component>
      <object_component id="oc-601">
         <name>.text:EUSCI_A_SPI_disableInterrupt</name>
         <load_address>0x13702</load_address>
         <run_address>0x13702</run_address>
         <size>0xe</size>
         <input_file_ref idref="fl-10"/>
      </object_component>
      <object_component id="oc-a91">
         <name>.text:EUSCI_A_SPI_enableInterrupt</name>
         <load_address>0x13710</load_address>
         <run_address>0x13710</run_address>
         <size>0xe</size>
         <input_file_ref idref="fl-10"/>
      </object_component>
      <object_component id="oc-a7e">
         <name>.text:EUSCI_A_SPI_setInterruptFlag</name>
         <load_address>0x1371e</load_address>
         <run_address>0x1371e</run_address>
         <size>0xe</size>
         <input_file_ref idref="fl-6"/>
      </object_component>
      <object_component id="oc-8ad">
         <name>.text:EUSCI_B_I2C_setMode</name>
         <load_address>0x1372c</load_address>
         <run_address>0x1372c</run_address>
         <size>0xe</size>
         <input_file_ref idref="fl-12"/>
      </object_component>
      <object_component id="oc-989">
         <name>.text:DMA_setTransferSize</name>
         <load_address>0x1373a</load_address>
         <run_address>0x1373a</run_address>
         <size>0xc</size>
         <input_file_ref idref="fl-e"/>
      </object_component>
      <object_component id="oc-977">
         <name>.text:EUSCI_A_SPI_isBusy</name>
         <load_address>0x13746</load_address>
         <run_address>0x13746</run_address>
         <size>0xc</size>
         <input_file_ref idref="fl-10"/>
      </object_component>
      <object_component id="oc-809">
         <name>.text:EUSCI_A_SPI_select4PinFunctionality</name>
         <load_address>0x13752</load_address>
         <run_address>0x13752</run_address>
         <size>0xc</size>
         <input_file_ref idref="fl-10"/>
      </object_component>
      <object_component id="oc-8a7">
         <name>.text:EUSCI_B_I2C_clearInterruptFlag</name>
         <load_address>0x1375e</load_address>
         <run_address>0x1375e</run_address>
         <size>0xc</size>
         <input_file_ref idref="fl-5"/>
      </object_component>
      <object_component id="oc-89b">
         <name>.text:EUSCI_B_I2C_setSlaveAddress</name>
         <load_address>0x1376a</load_address>
         <run_address>0x1376a</run_address>
         <size>0xc</size>
         <input_file_ref idref="fl-12"/>
      </object_component>
      <object_component id="oc-8b9">
         <name>.text:EUSCI_B_I2C_slaveDataPut</name>
         <load_address>0x13776</load_address>
         <run_address>0x13776</run_address>
         <size>0xc</size>
         <input_file_ref idref="fl-5"/>
      </object_component>
      <object_component id="oc-90f">
         <name>.text:halMcuWaitUs</name>
         <load_address>0x13782</load_address>
         <run_address>0x13782</run_address>
         <size>0xc</size>
         <input_file_ref idref="fl-30"/>
      </object_component>
      <object_component id="oc-643">
         <name>.text:osal_init</name>
         <load_address>0x1378e</load_address>
         <run_address>0x1378e</run_address>
         <size>0xc</size>
         <input_file_ref idref="fl-32"/>
      </object_component>
      <object_component id="oc-65b">
         <name>.text:osal_start</name>
         <load_address>0x1379a</load_address>
         <run_address>0x1379a</run_address>
         <size>0xc</size>
         <input_file_ref idref="fl-32"/>
      </object_component>
      <object_component id="oc-a78">
         <name>.text:EUSCI_A_SPI_getInterruptStatus</name>
         <load_address>0x137a6</load_address>
         <run_address>0x137a6</run_address>
         <size>0xa</size>
         <input_file_ref idref="fl-10"/>
      </object_component>
      <object_component id="oc-8c5">
         <name>.text:EUSCI_B_I2C_getInterruptStatus</name>
         <load_address>0x137b0</load_address>
         <run_address>0x137b0</run_address>
         <size>0xa</size>
         <input_file_ref idref="fl-12"/>
      </object_component>
      <object_component id="oc-8d7">
         <name>.text:EUSCI_B_I2C_slaveDataGet</name>
         <load_address>0x137ba</load_address>
         <run_address>0x137ba</run_address>
         <size>0xa</size>
         <input_file_ref idref="fl-5"/>
      </object_component>
      <object_component id="oc-6e5">
         <name>.text:POA_INT_RSP</name>
         <load_address>0x137c4</load_address>
         <run_address>0x137c4</run_address>
         <size>0xa</size>
         <input_file_ref idref="fl-24"/>
      </object_component>
      <object_component id="oc-934">
         <name>.text:TIMER_A_clearCaptureCompareInterruptFlag</name>
         <load_address>0x137ce</load_address>
         <run_address>0x137ce</run_address>
         <size>0xa</size>
         <input_file_ref idref="fl-7"/>
      </object_component>
      <object_component id="oc-940">
         <name>.text:TIMER_A_getCaptureCompareInterruptStatus</name>
         <load_address>0x137d8</load_address>
         <run_address>0x137d8</run_address>
         <size>0xa</size>
         <input_file_ref idref="fl-7"/>
      </object_component>
      <object_component id="oc-9e9">
         <name>.text:led_tgl</name>
         <load_address>0x137e2</load_address>
         <run_address>0x137e2</run_address>
         <size>0xa</size>
         <input_file_ref idref="fl-2f"/>
      </object_component>
      <object_component id="oc-7ef">
         <name>.text</name>
         <load_address>0x137ec</load_address>
         <run_address>0x137ec</run_address>
         <size>0xa</size>
         <input_file_ref idref="fl-84"/>
      </object_component>
      <object_component id="oc-8bf">
         <name>.text:EUSCI_B_I2C_masterIsStartSent</name>
         <load_address>0x137f6</load_address>
         <run_address>0x137f6</run_address>
         <size>0x8</size>
         <input_file_ref idref="fl-12"/>
      </object_component>
      <object_component id="oc-8d1">
         <name>.text:EUSCI_B_I2C_masterIsStopSent</name>
         <load_address>0x137fe</load_address>
         <run_address>0x137fe</run_address>
         <size>0x8</size>
         <input_file_ref idref="fl-12"/>
      </object_component>
      <object_component id="oc-815">
         <name>.text:DMA_disableTransferDuringReadModifyWrite</name>
         <load_address>0x13806</load_address>
         <run_address>0x13806</run_address>
         <size>0x6</size>
         <input_file_ref idref="fl-e"/>
      </object_component>
      <object_component id="oc-607">
         <name>.text:EUSCI_A_SPI_disable</name>
         <load_address>0x1380c</load_address>
         <run_address>0x1380c</run_address>
         <size>0x6</size>
         <input_file_ref idref="fl-10"/>
      </object_component>
      <object_component id="oc-9a7">
         <name>.text:EUSCI_A_SPI_enable</name>
         <load_address>0x13812</load_address>
         <run_address>0x13812</run_address>
         <size>0x6</size>
         <input_file_ref idref="fl-10"/>
      </object_component>
      <object_component id="oc-88f">
         <name>.text:EUSCI_B_I2C_disable</name>
         <load_address>0x13818</load_address>
         <run_address>0x13818</run_address>
         <size>0x6</size>
         <input_file_ref idref="fl-12"/>
      </object_component>
      <object_component id="oc-8a1">
         <name>.text:EUSCI_B_I2C_enable</name>
         <load_address>0x1381e</load_address>
         <run_address>0x1381e</run_address>
         <size>0x6</size>
         <input_file_ref idref="fl-12"/>
      </object_component>
      <object_component id="oc-8cb">
         <name>.text:EUSCI_B_I2C_masterMultiByteReceiveStop</name>
         <load_address>0x13824</load_address>
         <run_address>0x13824</run_address>
         <size>0x6</size>
         <input_file_ref idref="fl-5"/>
      </object_component>
      <object_component id="oc-8dd">
         <name>.text:EUSCI_B_I2C_masterMultiByteSendStop</name>
         <load_address>0x1382a</load_address>
         <run_address>0x1382a</run_address>
         <size>0x6</size>
         <input_file_ref idref="fl-5"/>
      </object_component>
      <object_component id="oc-8b3">
         <name>.text:EUSCI_B_I2C_masterSendStart</name>
         <load_address>0x13830</load_address>
         <run_address>0x13830</run_address>
         <size>0x6</size>
         <input_file_ref idref="fl-12"/>
      </object_component>
      <object_component id="oc-876">
         <name>.text:TIMER_A_startCounter</name>
         <load_address>0x13836</load_address>
         <run_address>0x13836</run_address>
         <size>0x6</size>
         <input_file_ref idref="fl-7"/>
      </object_component>
      <object_component id="oc-922">
         <name>.text:__mspabi_fltud</name>
         <load_address>0x1383c</load_address>
         <run_address>0x1383c</run_address>
         <size>0x6</size>
         <input_file_ref idref="fl-7b"/>
      </object_component>
      <object_component id="oc-597">
         <name>.text:abort</name>
         <load_address>0x13842</load_address>
         <run_address>0x13842</run_address>
         <size>0x6</size>
         <input_file_ref idref="fl-92"/>
      </object_component>
      <object_component id="oc-848">
         <name>.text:button1_INT_RSP</name>
         <load_address>0x13848</load_address>
         <run_address>0x13848</run_address>
         <size>0x6</size>
         <input_file_ref idref="fl-2c"/>
      </object_component>
      <object_component id="oc-56f">
         <name>.text:_system_pre_init</name>
         <load_address>0x1384e</load_address>
         <run_address>0x1384e</run_address>
         <size>0x4</size>
         <input_file_ref idref="fl-91"/>
      </object_component>
      <object_component id="oc-9c6">
         <name>.text:IRQ0_isr</name>
         <load_address>0x13852</load_address>
         <run_address>0x13852</run_address>
         <size>0x2</size>
         <input_file_ref idref="fl-25"/>
      </object_component>
      <object_component id="oc-61b">
         <name>.text:_system_post_cinit</name>
         <load_address>0x13854</load_address>
         <run_address>0x13854</run_address>
         <size>0x2</size>
         <input_file_ref idref="fl-90"/>
      </object_component>
      <object_component id="oc-821">
         <name>.bss</name>
         <uninitialized>true</uninitialized>
         <run_address>0x4bd0</run_address>
         <size>0x4</size>
         <input_file_ref idref="fl-29"/>
      </object_component>
      <object_component id="oc-87d">
         <name>.bss</name>
         <uninitialized>true</uninitialized>
         <run_address>0x4bd8</run_address>
         <size>0x4</size>
         <input_file_ref idref="fl-2a"/>
      </object_component>
      <object_component id="oc-86b">
         <name>.bss</name>
         <uninitialized>true</uninitialized>
         <run_address>0x4bd4</run_address>
         <size>0x4</size>
         <input_file_ref idref="fl-3c"/>
      </object_component>
      <object_component id="oc-63c">
         <name>.common:sys_status</name>
         <uninitialized>true</uninitialized>
         <run_address>0x4bc8</run_address>
         <size>0x8</size>
      </object_component>
      <object_component id="oc-716">
         <name>.common:HAL_CPU_CLOCK_KHz</name>
         <uninitialized>true</uninitialized>
         <run_address>0x4bfa</run_address>
         <size>0x2</size>
      </object_component>
      <object_component id="oc-801">
         <name>.common:HAL_CPU_CLOCK_DELAY</name>
         <uninitialized>true</uninitialized>
         <run_address>0x4bf8</run_address>
         <size>0x2</size>
      </object_component>
      <object_component id="oc-747">
         <name>.common:sync_flag</name>
         <uninitialized>true</uninitialized>
         <run_address>0x4c06</run_address>
         <size>0x1</size>
      </object_component>
      <object_component id="oc-5ca">
         <name>.common:sys_counter</name>
         <uninitialized>true</uninitialized>
         <run_address>0x4be8</run_address>
         <size>0x4</size>
      </object_component>
      <object_component id="oc-5cd">
         <name>.common:sys_timer</name>
         <uninitialized>true</uninitialized>
         <run_address>0x4bec</run_address>
         <size>0x4</size>
      </object_component>
      <object_component id="oc-5d4">
         <name>.common:second_flag</name>
         <uninitialized>true</uninitialized>
         <run_address>0x4c05</run_address>
         <size>0x1</size>
      </object_component>
      <object_component id="oc-841">
         <name>.common:txbuf</name>
         <uninitialized>true</uninitialized>
         <run_address>0x4b68</run_address>
         <size>0x48</size>
      </object_component>
      <object_component id="oc-aaa">
         <name>.common:rxbuf</name>
         <uninitialized>true</uninitialized>
         <run_address>0x4b20</run_address>
         <size>0x48</size>
      </object_component>
      <object_component id="oc-680">
         <name>.common:rtc</name>
         <uninitialized>true</uninitialized>
         <run_address>0x4bc0</run_address>
         <size>0x8</size>
      </object_component>
      <object_component id="oc-9d5">
         <name>.common:SX1211_MODE</name>
         <uninitialized>true</uninitialized>
         <run_address>0x4c01</run_address>
         <size>0x1</size>
      </object_component>
      <object_component id="oc-9d8">
         <name>.common:SX1211_DATA_MODE</name>
         <uninitialized>true</uninitialized>
         <run_address>0x4c00</run_address>
         <size>0x1</size>
      </object_component>
      <object_component id="oc-9d9">
         <name>.common:SX1211_in_TX</name>
         <uninitialized>true</uninitialized>
         <run_address>0x4c04</run_address>
         <size>0x1</size>
      </object_component>
      <object_component id="oc-9da">
         <name>.common:SX1211_in_RX</name>
         <uninitialized>true</uninitialized>
         <run_address>0x4c03</run_address>
         <size>0x1</size>
      </object_component>
      <object_component id="oc-9db">
         <name>.common:SX1211_in_FSK</name>
         <uninitialized>true</uninitialized>
         <run_address>0x4c02</run_address>
         <size>0x1</size>
      </object_component>
      <object_component id="oc-610">
         <name>.common:SendAddress</name>
         <uninitialized>true</uninitialized>
         <run_address>0x4be0</run_address>
         <size>0x4</size>
      </object_component>
      <object_component id="oc-5fc">
         <name>.common:RecAddress</name>
         <uninitialized>true</uninitialized>
         <run_address>0x4bdc</run_address>
         <size>0x4</size>
      </object_component>
      <object_component id="oc-600">
         <name>.common:Send_num</name>
         <uninitialized>true</uninitialized>
         <run_address>0x4bfe</run_address>
         <size>0x2</size>
      </object_component>
      <object_component id="oc-5ff">
         <name>.common:Rec_num</name>
         <uninitialized>true</uninitialized>
         <run_address>0x4bfc</run_address>
         <size>0x2</size>
      </object_component>
      <object_component id="oc-828">
         <name>.common:Diag_BUF</name>
         <uninitialized>true</uninitialized>
         <run_address>0x4a80</run_address>
         <size>0xa0</size>
      </object_component>
      <object_component id="oc-786">
         <name>.common:tasks</name>
         <uninitialized>true</uninitialized>
         <run_address>0x4400</run_address>
         <size>0x680</size>
      </object_component>
      <object_component id="oc-696">
         <name>.common:taskLst</name>
         <uninitialized>true</uninitialized>
         <run_address>0x4bf4</run_address>
         <size>0x4</size>
      </object_component>
      <object_component id="oc-8f6">
         <name>.common:taskFreeLst</name>
         <uninitialized>true</uninitialized>
         <run_address>0x4bf0</run_address>
         <size>0x4</size>
      </object_component>
      <object_component id="oc-5ee">
         <name>.common:current</name>
         <uninitialized>true</uninitialized>
         <run_address>0x4be4</run_address>
         <size>0x4</size>
      </object_component>
      <object_component id="oc-799">
         <name>.common:Energy_measure_result</name>
         <uninitialized>true</uninitialized>
         <run_address>0x4bb0</run_address>
         <size>0x10</size>
      </object_component>
      <object_component id="oc-5f8">
         <name>.data</name>
         <load_address>0x4fa9</load_address>
         <run_address>0x4fa9</run_address>
         <size>0x1</size>
         <input_file_ref idref="fl-3"/>
      </object_component>
      <object_component id="oc-5e2">
         <name>.data</name>
         <load_address>0x4fa8</load_address>
         <run_address>0x4fa8</run_address>
         <size>0x1</size>
         <input_file_ref idref="fl-4"/>
      </object_component>
      <object_component id="oc-5df">
         <name>.data:DMA_isr_tbl</name>
         <load_address>0x4f78</load_address>
         <run_address>0x4f78</run_address>
         <size>0x1c</size>
         <input_file_ref idref="fl-4"/>
      </object_component>
      <object_component id="oc-83e">
         <name>.data</name>
         <load_address>0x4faa</load_address>
         <run_address>0x4faa</run_address>
         <size>0x1</size>
         <input_file_ref idref="fl-25"/>
      </object_component>
      <object_component id="oc-88c">
         <name>.data</name>
         <load_address>0x4fab</load_address>
         <run_address>0x4fab</run_address>
         <size>0x1</size>
[...]
         <object_component_ref idref="oc-533"/>
      </symbol>
      <symbol id="sm-a4a">
         <name>IO_WAKE_INT</name>
         <value>0x4fae</value>
         <object_component_ref idref="oc-5bd"/>
      </symbol>
      <symbol id="sm-a4b">
         <name>port2_ISR</name>
         <value>0x4d68</value>
         <object_component_ref idref="oc-53f"/>
      </symbol>
      <symbol id="sm-a4c">
         <name>halDigioConfig</name>
         <value>0x1137e</value>
         <object_component_ref idref="oc-6d9"/>
      </symbol>
      <symbol id="sm-a4d">
         <name>port1_ISR</name>
         <value>0x4d24</value>
         <object_component_ref idref="oc-54b"/>
      </symbol>
      <symbol id="sm-a4e">
         <name>halDigioIntEnable</name>
         <value>0x1319c</value>
         <object_component_ref idref="oc-6f7"/>
      </symbol>
      <symbol id="sm-a4f">
         <name>halDigioIntConnect</name>
         <value>0x12a9e</value>
         <object_component_ref idref="oc-6eb"/>
      </symbol>
      <symbol id="sm-a50">
         <name>halDigioIntSetEdge</name>
         <value>0x1261e</value>
         <object_component_ref idref="oc-6df"/>
      </symbol>
      <symbol id="sm-a51">
         <name>halDigioIntDisable</name>
         <value>0x1315c</value>
         <object_component_ref idref="oc-8e9"/>
      </symbol>
      <symbol id="sm-a62">
         <name>led_tgl</name>
         <value>0x137e2</value>
         <object_component_ref idref="oc-9e9"/>
      </symbol>
      <symbol id="sm-a63">
         <name>led_off</name>
         <value>0x1354c</value>
         <object_component_ref idref="oc-6fd"/>
      </symbol>
      <symbol id="sm-a6e">
         <name>halMcuWaitUs</name>
         <value>0x13782</value>
         <object_component_ref idref="oc-90f"/>
      </symbol>
      <symbol id="sm-a80">
         <name>osal_start</name>
         <value>0x1379a</value>
         <object_component_ref idref="oc-65b"/>
      </symbol>
      <symbol id="sm-a81">
         <name>osal_init</name>
         <value>0x1378e</value>
         <object_component_ref idref="oc-643"/>
      </symbol>
      <symbol id="sm-a9b">
         <name>mem_alloc_no_release</name>
         <value>0x135b0</value>
         <object_component_ref idref="oc-772"/>
      </symbol>
      <symbol id="sm-a9c">
         <name>end_addr</name>
         <value>0x4fa0</value>
         <object_component_ref idref="oc-8f9"/>
      </symbol>
      <symbol id="sm-aa6">
         <name>sched_start</name>
         <value>0x1307a</value>
         <object_component_ref idref="oc-7ba"/>
      </symbol>
      <symbol id="sm-aa7">
         <name>ret_from_switch</name>
         <value>0x13078</value>
         <object_component_ref idref="oc-7ba"/>
      </symbol>
      <symbol id="sm-aa8">
         <name>switch_to_task</name>
         <value>0x1304c</value>
         <object_component_ref idref="oc-7ba"/>
      </symbol>
      <symbol id="sm-ac7">
         <name>start_time</name>
         <value>0x4f98</value>
         <object_component_ref idref="oc-5eb"/>
      </symbol>
      <symbol id="sm-ac8">
         <name>task_sched_next</name>
         <value>0x130d8</value>
         <object_component_ref idref="oc-5f1"/>
      </symbol>
      <symbol id="sm-ac9">
         <name>schedule</name>
         <value>0x13678</value>
         <object_component_ref idref="oc-7bf"/>
      </symbol>
      <symbol id="sm-aca">
         <name>jiffies</name>
         <value>0x4f94</value>
         <object_component_ref idref="oc-5eb"/>
      </symbol>
      <symbol id="sm-b05">
         <name>tasks</name>
         <value>0x4400</value>
      </symbol>
      <symbol id="sm-b06">
         <name>taskLst</name>
         <value>0x4bf4</value>
      </symbol>
      <symbol id="sm-b07">
         <name>taskFreeLst</name>
         <value>0x4bf0</value>
      </symbol>
      <symbol id="sm-b08">
         <name>current</name>
         <value>0x4be4</value>
      </symbol>
      <symbol id="sm-b09">
         <name>get_available_tcb</name>
         <value>0x13466</value>
         <object_component_ref idref="oc-76c"/>
      </symbol>
      <symbol id="sm-b0a">
         <name>task_init</name>
         <value>0x12354</value>
         <object_component_ref idref="oc-764"/>
      </symbol>
      <symbol id="sm-b0b">
         <name>task_exit</name>
         <value>0x1356e</value>
         <object_component_ref idref="oc-778"/>
      </symbol>
      <symbol id="sm-b0c">
         <name>numTasks</name>
         <value>0x4fa6</value>
         <object_component_ref idref="oc-783"/>
      </symbol>
      <symbol id="sm-b0d">
         <name>put_back_tcb</name>
         <value>0x132d2</value>
         <object_component_ref idref="oc-8ff"/>
      </symbol>
      <symbol id="sm-b0e">
         <name>task_create</name>
         <value>0x1191e</value>
         <object_component_ref idref="oc-64f"/>
      </symbol>
      <symbol id="sm-b18">
         <name>TIMER_INT_ASM</name>
         <value>0x4c94</value>
         <object_component_ref idref="oc-557"/>
      </symbol>
      <symbol id="sm-b19">
         <name>__TI_int44</name>
         <value>0xffe8</value>
         <object_component_ref idref="oc-96"/>
      </symbol>
      <symbol id="sm-b7b">
         <name>Energy_measure_result</name>
         <value>0x4bb0</value>
      </symbol>
      <symbol id="sm-b7c">
         <name>Energy_Volt_Sense</name>
         <value>0x11700</value>
         <object_component_ref idref="oc-78d"/>
      </symbol>
      <symbol id="sm-b7d">
         <name>Current_Amp_EN</name>
         <value>0x11afc</value>
         <object_component_ref idref="oc-865"/>
      </symbol>
      <symbol id="sm-b7e">
         <name>Energy_Current_Sense</name>
         <value>0x10d3a</value>
         <object_component_ref idref="oc-793"/>
      </symbol>
      <symbol id="sm-b7f">
         <name>Energy_Volt_init</name>
         <value>0x122c2</value>
         <object_component_ref idref="oc-729"/>
      </symbol>
      <symbol id="sm-b80">
         <name>Energy_Current_init</name>
         <value>0x11a12</value>
         <object_component_ref idref="oc-72f"/>
      </symbol>
      <symbol id="sm-b9e">
         <name>__TI_decompress_lzss</name>
         <value>0x129b6</value>
         <object_component_ref idref="oc-79"/>
      </symbol>
      <symbol id="sm-bb4">
         <name>__TI_decompress_none</name>
         <value>0x13666</value>
         <object_component_ref idref="oc-7f"/>
      </symbol>
      <symbol id="sm-bb7">
         <name>__TI_int27</name>
         <value>0xffc6</value>
         <object_component_ref idref="oc-85"/>
      </symbol>
      <symbol id="sm-bbf">
         <name>__TI_ISR_TRAP</name>
         <value>0x4eb0</value>
         <object_component_ref idref="oc-528"/>
      </symbol>
      <symbol id="sm-bc2">
         <name>__TI_int28</name>
         <value>0xffc8</value>
         <object_component_ref idref="oc-86"/>
      </symbol>
      <symbol id="sm-bc5">
         <name>__TI_int29</name>
         <value>0xffca</value>
         <object_component_ref idref="oc-87"/>
      </symbol>
      <symbol id="sm-bc8">
         <name>__TI_int33</name>
         <value>0xffd2</value>
         <object_component_ref idref="oc-8b"/>
      </symbol>
      <symbol id="sm-bcb">
         <name>__TI_int36</name>
         <value>0xffd8</value>
         <object_component_ref idref="oc-8e"/>
      </symbol>
      <symbol id="sm-bce">
         <name>__TI_int38</name>
         <value>0xffdc</value>
         <object_component_ref idref="oc-90"/>
      </symbol>
      <symbol id="sm-bd1">
         <name>__TI_int39</name>
         <value>0xffde</value>
         <object_component_ref idref="oc-91"/>
      </symbol>
      <symbol id="sm-bd4">
         <name>__TI_int41</name>
         <value>0xffe2</value>
         <object_component_ref idref="oc-93"/>
      </symbol>
      <symbol id="sm-bd7">
         <name>__TI_int42</name>
         <value>0xffe4</value>
         <object_component_ref idref="oc-94"/>
      </symbol>
      <symbol id="sm-bda">
         <name>__TI_int43</name>
         <value>0xffe6</value>
         <object_component_ref idref="oc-95"/>
      </symbol>
      <symbol id="sm-bdd">
         <name>__TI_int46</name>
         <value>0xffec</value>
         <object_component_ref idref="oc-98"/>
      </symbol>
      <symbol id="sm-be0">
         <name>__TI_int49</name>
         <value>0xfff2</value>
         <object_component_ref idref="oc-9a"/>
      </symbol>
      <symbol id="sm-be3">
         <name>__TI_int50</name>
         <value>0xfff4</value>
         <object_component_ref idref="oc-9b"/>
      </symbol>
      <symbol id="sm-be6">
         <name>__TI_int51</name>
         <value>0xfff6</value>
         <object_component_ref idref="oc-9c"/>
      </symbol>
      <symbol id="sm-be9">
         <name>__TI_int52</name>
         <value>0xfff8</value>
         <object_component_ref idref="oc-9d"/>
      </symbol>
      <symbol id="sm-bec">
         <name>__TI_int53</name>
         <value>0xfffa</value>
         <object_component_ref idref="oc-9e"/>
      </symbol>
      <symbol id="sm-bef">
         <name>__TI_int54</name>
         <value>0xfffc</value>
         <object_component_ref idref="oc-9f"/>
      </symbol>
      <symbol id="sm-c02">
         <name>__TI_zero_init</name>
         <value>0x134e2</value>
         <object_component_ref idref="oc-a0"/>
      </symbol>
      <symbol id="sm-c29">
         <name>__mspabi_addd</name>
         <value>0x10394</value>
         <object_component_ref idref="oc-928"/>
      </symbol>
      <symbol id="sm-c4a">
         <name>__TI_frcaddd</name>
         <value>0x1066c</value>
         <object_component_ref idref="oc-a51"/>
      </symbol>
      <symbol id="sm-c5e">
         <name>__TI_renormd</name>
         <value>0x11f90</value>
         <object_component_ref idref="oc-adb"/>
      </symbol>
      <symbol id="sm-c6a">
         <name>__mspabi_remi</name>
         <value>0x13492</value>
         <object_component_ref idref="oc-787"/>
      </symbol>
      <symbol id="sm-c6b">
         <name>__mspabi_divi</name>
         <value>0x13492</value>
         <object_component_ref idref="oc-787"/>
      </symbol>
      <symbol id="sm-c76">
         <name>__mspabi_remu</name>
         <value>0x13616</value>
         <object_component_ref idref="oc-909"/>
      </symbol>
      <symbol id="sm-c77">
         <name>__mspabi_divu</name>
         <value>0x13616</value>
         <object_component_ref idref="oc-909"/>
      </symbol>
      <symbol id="sm-c85">
         <name>__mspabi_remul</name>
         <value>0x12ebe</value>
         <object_component_ref idref="oc-79c"/>
      </symbol>
      <symbol id="sm-c86">
         <name>__mspabi_divul</name>
         <value>0x12ebe</value>
         <object_component_ref idref="oc-79c"/>
      </symbol>
      <symbol id="sm-c91">
         <name>__mspabi_fixdu</name>
         <value>0x13654</value>
         <object_component_ref idref="oc-92e"/>
      </symbol>
      <symbol id="sm-ca1">
         <name>__mspabi_fixdul</name>
         <value>0x12b08</value>
         <object_component_ref idref="oc-a5e"/>
      </symbol>
      <symbol id="sm-caa">
         <name>__mspabi_fltud</name>
         <value>0x1383c</value>
         <object_component_ref idref="oc-922"/>
      </symbol>
      <symbol id="sm-cbf">
         <name>__mspabi_fltuld</name>
         <value>0x128c0</value>
         <object_component_ref idref="oc-a4a"/>
      </symbol>
      <symbol id="sm-cc8">
         <name>__mspabi_mpyi_f5hw</name>
         <value>0x135e8</value>
         <object_component_ref idref="oc-6a1"/>
      </symbol>
      <symbol id="sm-cd1">
         <name>__mspabi_mpyl_f5hw</name>
         <value>0x13506</value>
         <object_component_ref idref="oc-7b3"/>
      </symbol>
      <symbol id="sm-cdd">
         <name>__mspabi_slli</name>
         <value>0x137ec</value>
         <object_component_ref idref="oc-7ef"/>
      </symbol>
      <symbol id="sm-ced">
         <name>__mspabi_slll_9</name>
         <value>0x13232</value>
         <object_component_ref idref="oc-ac5"/>
      </symbol>
      <symbol id="sm-cee">
         <name>__mspabi_slll_8</name>
         <value>0x13236</value>
         <object_component_ref idref="oc-ac5"/>
      </symbol>
      <symbol id="sm-cef">
         <name>__mspabi_slll_7</name>
         <value>0x1323a</value>
         <object_component_ref idref="oc-ac5"/>
      </symbol>
      <symbol id="sm-cf0">
         <name>__mspabi_slll_6</name>
         <value>0x1323e</value>
         <object_component_ref idref="oc-ac5"/>
      </symbol>
      <symbol id="sm-cf1">
         <name>__mspabi_slll_5</name>
         <value>0x13242</value>
         <object_component_ref idref="oc-ac5"/>
      </symbol>
      <symbol id="sm-cf2">
         <name>__mspabi_slll_4</name>
         <value>0x13246</value>
         <object_component_ref idref="oc-ac5"/>
      </symbol>
      <symbol id="sm-cf3">
         <name>__mspabi_slll_3</name>
         <value>0x1324a</value>
         <object_component_ref idref="oc-ac5"/>
      </symbol>
      <symbol id="sm-cf4">
         <name>__mspabi_slll_2</name>
         <value>0x1324e</value>
         <object_component_ref idref="oc-ac5"/>
      </symbol>
      <symbol id="sm-cf5">
         <name>__mspabi_slll_1</name>
         <value>0x13252</value>
         <object_component_ref idref="oc-ac5"/>
      </symbol>
      <symbol id="sm-cf6">
         <name>__mspabi_slll</name>
         <value>0x136aa</value>
         <object_component_ref idref="oc-acc"/>
      </symbol>
      <symbol id="sm-cf7">
         <name>__mspabi_slll_15</name>
         <value>0x1321a</value>
         <object_component_ref idref="oc-ac5"/>
      </symbol>
      <symbol id="sm-cf8">
         <name>__mspabi_slll_14</name>
         <value>0x1321e</value>
         <object_component_ref idref="oc-ac5"/>
      </symbol>
      <symbol id="sm-cf9">
         <name>__mspabi_slll_13</name>
         <value>0x13222</value>
         <object_component_ref idref="oc-ac5"/>
      </symbol>
      <symbol id="sm-cfa">
         <name>__mspabi_slll_12</name>
         <value>0x13226</value>
         <object_component_ref idref="oc-ac5"/>
      </symbol>
      <symbol id="sm-cfb">
         <name>__mspabi_slll_11</name>
         <value>0x1322a</value>
         <object_component_ref idref="oc-ac5"/>
      </symbol>
      <symbol id="sm-cfc">
         <name>__mspabi_slll_10</name>
         <value>0x1322e</value>
         <object_component_ref idref="oc-ac5"/>
      </symbol>
      <symbol id="sm-d07">
         <name>__mspabi_sral</name>
         <value>0x1369a</value>
         <object_component_ref idref="oc-ad6"/>
      </symbol>
      <symbol id="sm-d18">
         <name>__mspabi_srll_8</name>
         <value>0x13274</value>
         <object_component_ref idref="oc-77e"/>
      </symbol>
      <symbol id="sm-d19">
         <name>__mspabi_srll_9</name>
         <value>0x13270</value>
         <object_component_ref idref="oc-77e"/>
      </symbol>
      <symbol id="sm-d1a">
         <name>__mspabi_srll_6</name>
         <value>0x1327c</value>
         <object_component_ref idref="oc-77e"/>
      </symbol>
      <symbol id="sm-d1b">
         <name>__mspabi_srll_7</name>
         <value>0x13278</value>
         <object_component_ref idref="oc-77e"/>
      </symbol>
      <symbol id="sm-d1c">
         <name>__mspabi_srll_4</name>
         <value>0x13284</value>
         <object_component_ref idref="oc-77e"/>
      </symbol>
      <symbol id="sm-d1d">
         <name>__mspabi_srll_5</name>
         <value>0x13280</value>
         <object_component_ref idref="oc-77e"/>
      </symbol>
      <symbol id="sm-d1e">
         <name>__mspabi_srll_2</name>
         <value>0x1328c</value>
         <object_component_ref idref="oc-77e"/>
      </symbol>
      <symbol id="sm-d1f">
         <name>__mspabi_srll_3</name>
         <value>0x13288</value>
         <object_component_ref idref="oc-77e"/>
      </symbol>
      <symbol id="sm-d20">
         <name>__mspabi_srll_1</name>
         <value>0x13290</value>
         <object_component_ref idref="oc-77e"/>
      </symbol>
      <symbol id="sm-d21">
         <name>__mspabi_srll_15</name>
         <value>0x13258</value>
         <object_component_ref idref="oc-77e"/>
      </symbol>
      <symbol id="sm-d22">
         <name>__mspabi_srll_14</name>
         <value>0x1325c</value>
         <object_component_ref idref="oc-77e"/>
      </symbol>
      <symbol id="sm-d23">
         <name>__mspabi_srll_13</name>
         <value>0x13260</value>
         <object_component_ref idref="oc-77e"/>
      </symbol>
      <symbol id="sm-d24">
         <name>__mspabi_srll_12</name>
         <value>0x13264</value>
         <object_component_ref idref="oc-77e"/>
      </symbol>
      <symbol id="sm-d25">
         <name>__mspabi_srll_11</name>
         <value>0x13268</value>
         <object_component_ref idref="oc-77e"/>
      </symbol>
      <symbol id="sm-d26">
         <name>__mspabi_srll_10</name>
         <value>0x1326c</value>
         <object_component_ref idref="oc-77e"/>
      </symbol>
      <symbol id="sm-d27">
         <name>__mspabi_srll</name>
         <value>0x136ba</value>
         <object_component_ref idref="oc-ad1"/>
      </symbol>
      <symbol id="sm-d30">
         <name>_stack</name>
         <value>0x2360</value>
         <object_component_ref idref="oc-50c"/>
      </symbol>
      <symbol id="sm-d31">
         <name>_reset_vector</name>
         <value>0xfffe</value>
         <object_component_ref idref="oc-50f"/>
      </symbol>
      <symbol id="sm-d54">
         <name>_auto_init_hold_wdt</name>
         <value>0x1283e</value>
         <object_component_ref idref="oc-575"/>
      </symbol>
      <symbol id="sm-d5e">
         <name>_c_int00_noargs_noexit</name>
         <value>0x4e88</value>
         <object_component_ref idref="oc-be"/>
      </symbol>
      <symbol id="sm-d68">
         <name>_system_post_cinit</name>
         <value>0x13854</value>
         <object_component_ref idref="oc-61b"/>
      </symbol>
      <symbol id="sm-d71">
         <name>_system_pre_init</name>
         <value>0x1384e</value>
         <object_component_ref idref="oc-56f"/>
      </symbol>
      <symbol id="sm-d7b">
         <name>C$$EXIT</name>
         <value>0x13842</value>
         <object_component_ref idref="oc-597"/>
      </symbol>
      <symbol id="sm-d7c">
         <name>abort</name>
         <value>0x13842</value>
         <object_component_ref idref="oc-597"/>
      </symbol>
      <symbol id="sm-d99">
         <name>copy_in</name>
         <value>0x12b70</value>
         <object_component_ref idref="oc-615"/>
      </symbol>
      <symbol id="sm-da7">
         <name>memcpy</name>
         <value>0x13640</value>
         <object_component_ref idref="oc-51b"/>
      </symbol>
      <symbol id="sm-dac">
         <name>__TI_BINIT_Base</name>
         <value>0x0</value>
      </symbol>
      <symbol id="sm-dad">
         <name>__TI_BINIT_Limit</name>
         <value>0x0</value>
      </symbol>
      <symbol id="sm-dae">
         <name>__TI_INITARRAY_Base</name>
         <value>0x0</value>
      </symbol>
      <symbol id="sm-daf">
         <name>__TI_INITARRAY_Limit</name>
         <value>0x0</value>
      </symbol>
   </symbol_table>
   <title>Link successful</title>
</link_info>
